  D3D12Util.cpp
  DirectXCommon.cpp
  GraphicsPipeline.cpp
  MathUtil.cpp
  Model.cpp
  ParticleManager.cpp
  WinApp.cpp
  imgui.cpp
  imgui_demo.cpp
  imgui_draw.cpp
  imgui_impl_dx12.cpp
  imgui_impl_win32.cpp
  imgui_tables.cpp
  imgui_widgets.cpp
  main.cpp
  main.obj : MSIL .netmodule または /GL を伴ってコンパイルされたモジュールが見つかりました。/LTCG を使用して再開始してください。リンカーのパフォーマンスを向上させるためには、コマンドラインに /LTCG を追加してください。
  コード生成しています。
  コード生成が終了しました。
  CG-1.vcxproj -> C:\Users\k024g\Desktop\GE3&CG3\Bin\Desktop_2022_Win10x64Development\CG-1.exe
          1 file(s) copied.
          1 file(s) copied.
