c:\users\k024g\desktop\ge3&cg3\bin\desktop_2022_win10x64development\imgui_draw.obj
c:\users\k024g\desktop\ge3&cg3\bin\desktop_2022_win10x64development\model.obj
c:\users\k024g\desktop\ge3&cg3\bin\desktop_2022_win10x64development\imgui_impl_win32.obj
c:\users\k024g\desktop\ge3&cg3\bin\desktop_2022_win10x64development\imgui_tables.obj
c:\users\k024g\desktop\ge3&cg3\bin\desktop_2022_win10x64development\graphicspipeline.obj
c:\users\k024g\desktop\ge3&cg3\bin\desktop_2022_win10x64development\d3d12util.obj
c:\users\k024g\desktop\ge3&cg3\bin\desktop_2022_win10x64development\directxcommon.obj
c:\users\k024g\desktop\ge3&cg3\bin\desktop_2022_win10x64development\imgui_impl_dx12.obj
c:\users\k024g\desktop\ge3&cg3\bin\desktop_2022_win10x64development\particlemanager.obj
c:\users\k024g\desktop\ge3&cg3\bin\desktop_2022_win10x64development\imgui.obj
c:\users\k024g\desktop\ge3&cg3\bin\desktop_2022_win10x64development\winapp.obj
c:\users\k024g\desktop\ge3&cg3\bin\desktop_2022_win10x64development\mathutil.obj
c:\users\k024g\desktop\ge3&cg3\bin\desktop_2022_win10x64development\imgui_widgets.obj
c:\users\k024g\desktop\ge3&cg3\bin\desktop_2022_win10x64development\imgui_demo.obj
c:\users\k024g\desktop\ge3&cg3\bin\desktop_2022_win10x64development\vc143.pdb
c:\users\k024g\desktop\ge3&cg3\bin\desktop_2022_win10x64development\main.obj
c:\users\k024g\desktop\ge3&cg3\bin\desktop_2022_win10x64development\cg-1.exe
c:\users\k024g\desktop\ge3&cg3\bin\desktop_2022_win10x64development\cg-1.pdb
c:\users\k024g\desktop\ge3&cg3\bin\desktop_2022_win10x64development\cg-1.tlog\cl.command.1.tlog
c:\users\k024g\desktop\ge3&cg3\bin\desktop_2022_win10x64development\cg-1.tlog\cl.items.tlog
c:\users\k024g\desktop\ge3&cg3\bin\desktop_2022_win10x64development\cg-1.tlog\cl.read.1.tlog
c:\users\k024g\desktop\ge3&cg3\bin\desktop_2022_win10x64development\cg-1.tlog\cl.write.1.tlog
c:\users\k024g\desktop\ge3&cg3\bin\desktop_2022_win10x64development\cg-1.tlog\link.command.1.tlog
c:\users\k024g\desktop\ge3&cg3\bin\desktop_2022_win10x64development\cg-1.tlog\link.read.1.tlog
c:\users\k024g\desktop\ge3&cg3\bin\desktop_2022_win10x64development\cg-1.tlog\link.secondary.1.tlog
c:\users\k024g\desktop\ge3&cg3\bin\desktop_2022_win10x64development\cg-1.tlog\link.write.1.tlog
