  
  "C:\Program Files (x86)\Windows Kits\10\bin\10.0.26100.0\x64\fxc.exe" "BC7Encode.hlsl" /nologo /WX /Ges /Zi /Zpc /Qstrip_reflect /Qstrip_debug /Tcs_5_0 /ETryMode456CS "/FhCompiled\BC7Encode_TryMode456CS.inc" "/FdCompiled\BC7Encode_TryMode456CS.pdb" /VnBC7Encode_TryMode456CS
  compilation PDB save succeeded; see C:\Users\k024g\Desktop\GE3&CG3\project\externals\DirectXTex\Shaders\Compiled\BC7Encode_TryMode456CS.pdb
  compilation header save succeeded; see C:\Users\k024g\Desktop\GE3&CG3\project\externals\DirectXTex\Shaders\Compiled\BC7Encode_TryMode456CS.inc
  "C:\Program Files (x86)\Windows Kits\10\bin\10.0.26100.0\x64\fxc.exe" "BC7Encode.hlsl" /nologo /WX /Ges /Zi /Zpc /Qstrip_reflect /Qstrip_debug /Tcs_4_0 /DEMULATE_F16C /ETryMode456CS "/FhCompiled\BC7Encode_TryMode456CS_cs40.inc" "/FdCompiled\BC7Encode_TryMode456CS_cs40.pdb" /VnBC7Encode_TryMode456CS
  compilation PDB save succeeded; see C:\Users\k024g\Desktop\GE3&CG3\project\externals\DirectXTex\Shaders\Compiled\BC7Encode_TryMode456CS_cs40.pdb
  compilation header save succeeded; see C:\Users\k024g\Desktop\GE3&CG3\project\externals\DirectXTex\Shaders\Compiled\BC7Encode_TryMode456CS_cs40.inc
  
  "C:\Program Files (x86)\Windows Kits\10\bin\10.0.26100.0\x64\fxc.exe" "BC7Encode.hlsl" /nologo /WX /Ges /Zi /Zpc /Qstrip_reflect /Qstrip_debug /Tcs_5_0 /ETryMode137CS "/FhCompiled\BC7Encode_TryMode137CS.inc" "/FdCompiled\BC7Encode_TryMode137CS.pdb" /VnBC7Encode_TryMode137CS
  compilation PDB save succeeded; see C:\Users\k024g\Desktop\GE3&CG3\project\externals\DirectXTex\Shaders\Compiled\BC7Encode_TryMode137CS.pdb
  compilation header save succeeded; see C:\Users\k024g\Desktop\GE3&CG3\project\externals\DirectXTex\Shaders\Compiled\BC7Encode_TryMode137CS.inc
  "C:\Program Files (x86)\Windows Kits\10\bin\10.0.26100.0\x64\fxc.exe" "BC7Encode.hlsl" /nologo /WX /Ges /Zi /Zpc /Qstrip_reflect /Qstrip_debug /Tcs_4_0 /DEMULATE_F16C /ETryMode137CS "/FhCompiled\BC7Encode_TryMode137CS_cs40.inc" "/FdCompiled\BC7Encode_TryMode137CS_cs40.pdb" /VnBC7Encode_TryMode137CS
  compilation PDB save succeeded; see C:\Users\k024g\Desktop\GE3&CG3\project\externals\DirectXTex\Shaders\Compiled\BC7Encode_TryMode137CS_cs40.pdb
  compilation header save succeeded; see C:\Users\k024g\Desktop\GE3&CG3\project\externals\DirectXTex\Shaders\Compiled\BC7Encode_TryMode137CS_cs40.inc
  
  "C:\Program Files (x86)\Windows Kits\10\bin\10.0.26100.0\x64\fxc.exe" "BC7Encode.hlsl" /nologo /WX /Ges /Zi /Zpc /Qstrip_reflect /Qstrip_debug /Tcs_5_0 /ETryMode02CS "/FhCompiled\BC7Encode_TryMode02CS.inc" "/FdCompiled\BC7Encode_TryMode02CS.pdb" /VnBC7Encode_TryMode02CS
  compilation PDB save succeeded; see C:\Users\k024g\Desktop\GE3&CG3\project\externals\DirectXTex\Shaders\Compiled\BC7Encode_TryMode02CS.pdb
  compilation header save succeeded; see C:\Users\k024g\Desktop\GE3&CG3\project\externals\DirectXTex\Shaders\Compiled\BC7Encode_TryMode02CS.inc
  "C:\Program Files (x86)\Windows Kits\10\bin\10.0.26100.0\x64\fxc.exe" "BC7Encode.hlsl" /nologo /WX /Ges /Zi /Zpc /Qstrip_reflect /Qstrip_debug /Tcs_4_0 /DEMULATE_F16C /ETryMode02CS "/FhCompiled\BC7Encode_TryMode02CS_cs40.inc" "/FdCompiled\BC7Encode_TryMode02CS_cs40.pdb" /VnBC7Encode_TryMode02CS
  compilation PDB save succeeded; see C:\Users\k024g\Desktop\GE3&CG3\project\externals\DirectXTex\Shaders\Compiled\BC7Encode_TryMode02CS_cs40.pdb
  compilation header save succeeded; see C:\Users\k024g\Desktop\GE3&CG3\project\externals\DirectXTex\Shaders\Compiled\BC7Encode_TryMode02CS_cs40.inc
  
  "C:\Program Files (x86)\Windows Kits\10\bin\10.0.26100.0\x64\fxc.exe" "BC7Encode.hlsl" /nologo /WX /Ges /Zi /Zpc /Qstrip_reflect /Qstrip_debug /Tcs_5_0 /EEncodeBlockCS "/FhCompiled\BC7Encode_EncodeBlockCS.inc" "/FdCompiled\BC7Encode_EncodeBlockCS.pdb" /VnBC7Encode_EncodeBlockCS
  compilation PDB save succeeded; see C:\Users\k024g\Desktop\GE3&CG3\project\externals\DirectXTex\Shaders\Compiled\BC7Encode_EncodeBlockCS.pdb
  compilation header save succeeded; see C:\Users\k024g\Desktop\GE3&CG3\project\externals\DirectXTex\Shaders\Compiled\BC7Encode_EncodeBlockCS.inc
  "C:\Program Files (x86)\Windows Kits\10\bin\10.0.26100.0\x64\fxc.exe" "BC7Encode.hlsl" /nologo /WX /Ges /Zi /Zpc /Qstrip_reflect /Qstrip_debug /Tcs_4_0 /DEMULATE_F16C /EEncodeBlockCS "/FhCompiled\BC7Encode_EncodeBlockCS_cs40.inc" "/FdCompiled\BC7Encode_EncodeBlockCS_cs40.pdb" /VnBC7Encode_EncodeBlockCS
  compilation PDB save succeeded; see C:\Users\k024g\Desktop\GE3&CG3\project\externals\DirectXTex\Shaders\Compiled\BC7Encode_EncodeBlockCS_cs40.pdb
  compilation header save succeeded; see C:\Users\k024g\Desktop\GE3&CG3\project\externals\DirectXTex\Shaders\Compiled\BC7Encode_EncodeBlockCS_cs40.inc
  
  "C:\Program Files (x86)\Windows Kits\10\bin\10.0.26100.0\x64\fxc.exe" "BC6HEncode.hlsl" /nologo /WX /Ges /Zi /Zpc /Qstrip_reflect /Qstrip_debug /Tcs_5_0 /ETryModeG10CS "/FhCompiled\BC6HEncode_TryModeG10CS.inc" "/FdCompiled\BC6HEncode_TryModeG10CS.pdb" /VnBC6HEncode_TryModeG10CS
  compilation PDB save succeeded; see C:\Users\k024g\Desktop\GE3&CG3\project\externals\DirectXTex\Shaders\Compiled\BC6HEncode_TryModeG10CS.pdb
  compilation header save succeeded; see C:\Users\k024g\Desktop\GE3&CG3\project\externals\DirectXTex\Shaders\Compiled\BC6HEncode_TryModeG10CS.inc
  "C:\Program Files (x86)\Windows Kits\10\bin\10.0.26100.0\x64\fxc.exe" "BC6HEncode.hlsl" /nologo /WX /Ges /Zi /Zpc /Qstrip_reflect /Qstrip_debug /Tcs_4_0 /DEMULATE_F16C /ETryModeG10CS "/FhCompiled\BC6HEncode_TryModeG10CS_cs40.inc" "/FdCompiled\BC6HEncode_TryModeG10CS_cs40.pdb" /VnBC6HEncode_TryModeG10CS
  compilation PDB save succeeded; see C:\Users\k024g\Desktop\GE3&CG3\project\externals\DirectXTex\Shaders\Compiled\BC6HEncode_TryModeG10CS_cs40.pdb
  compilation header save succeeded; see C:\Users\k024g\Desktop\GE3&CG3\project\externals\DirectXTex\Shaders\Compiled\BC6HEncode_TryModeG10CS_cs40.inc
  
  "C:\Program Files (x86)\Windows Kits\10\bin\10.0.26100.0\x64\fxc.exe" "BC6HEncode.hlsl" /nologo /WX /Ges /Zi /Zpc /Qstrip_reflect /Qstrip_debug /Tcs_5_0 /ETryModeLE10CS "/FhCompiled\BC6HEncode_TryModeLE10CS.inc" "/FdCompiled\BC6HEncode_TryModeLE10CS.pdb" /VnBC6HEncode_TryModeLE10CS
  compilation PDB save succeeded; see C:\Users\k024g\Desktop\GE3&CG3\project\externals\DirectXTex\Shaders\Compiled\BC6HEncode_TryModeLE10CS.pdb
  compilation header save succeeded; see C:\Users\k024g\Desktop\GE3&CG3\project\externals\DirectXTex\Shaders\Compiled\BC6HEncode_TryModeLE10CS.inc
  "C:\Program Files (x86)\Windows Kits\10\bin\10.0.26100.0\x64\fxc.exe" "BC6HEncode.hlsl" /nologo /WX /Ges /Zi /Zpc /Qstrip_reflect /Qstrip_debug /Tcs_4_0 /DEMULATE_F16C /ETryModeLE10CS "/FhCompiled\BC6HEncode_TryModeLE10CS_cs40.inc" "/FdCompiled\BC6HEncode_TryModeLE10CS_cs40.pdb" /VnBC6HEncode_TryModeLE10CS
  compilation PDB save succeeded; see C:\Users\k024g\Desktop\GE3&CG3\project\externals\DirectXTex\Shaders\Compiled\BC6HEncode_TryModeLE10CS_cs40.pdb
  compilation header save succeeded; see C:\Users\k024g\Desktop\GE3&CG3\project\externals\DirectXTex\Shaders\Compiled\BC6HEncode_TryModeLE10CS_cs40.inc
  
  "C:\Program Files (x86)\Windows Kits\10\bin\10.0.26100.0\x64\fxc.exe" "BC6HEncode.hlsl" /nologo /WX /Ges /Zi /Zpc /Qstrip_reflect /Qstrip_debug /Tcs_5_0 /EEncodeBlockCS "/FhCompiled\BC6HEncode_EncodeBlockCS.inc" "/FdCompiled\BC6HEncode_EncodeBlockCS.pdb" /VnBC6HEncode_EncodeBlockCS
  compilation PDB save succeeded; see C:\Users\k024g\Desktop\GE3&CG3\project\externals\DirectXTex\Shaders\Compiled\BC6HEncode_EncodeBlockCS.pdb
  compilation header save succeeded; see C:\Users\k024g\Desktop\GE3&CG3\project\externals\DirectXTex\Shaders\Compiled\BC6HEncode_EncodeBlockCS.inc
  "C:\Program Files (x86)\Windows Kits\10\bin\10.0.26100.0\x64\fxc.exe" "BC6HEncode.hlsl" /nologo /WX /Ges /Zi /Zpc /Qstrip_reflect /Qstrip_debug /Tcs_4_0 /DEMULATE_F16C /EEncodeBlockCS "/FhCompiled\BC6HEncode_EncodeBlockCS_cs40.inc" "/FdCompiled\BC6HEncode_EncodeBlockCS_cs40.pdb" /VnBC6HEncode_EncodeBlockCS
  compilation PDB save succeeded; see C:\Users\k024g\Desktop\GE3&CG3\project\externals\DirectXTex\Shaders\Compiled\BC6HEncode_EncodeBlockCS_cs40.pdb
  compilation header save succeeded; see C:\Users\k024g\Desktop\GE3&CG3\project\externals\DirectXTex\Shaders\Compiled\BC6HEncode_EncodeBlockCS_cs40.inc
  
  Shaders compiled ok
  DirectXTexUtil.cpp
C:\Program Files (x86)\Windows Kits\10\Include\10.0.26100.0\um\winuser.h(6779,14): warning C4865: 'tagFEEDBACK_TYPE': コマンド ラインで '/Zc:enumTypes' を指定すると、基本の型が 'int' から 'unsigned int' に変更されます
  (ソース ファイル 'DirectXTexUtil.cpp' をコンパイルしています)
      C:\Program Files (x86)\Windows Kits\10\Include\10.0.26100.0\um\winuser.h(6791,5):
      'FEEDBACK_MAX': この列挙子には型が必要です
  
C:\Program Files (x86)\Windows Kits\10\Include\10.0.26100.0\um\winuser.h(15416,14): warning C4865: 'tagPOINTER_DEVICE_TYPE': コマンド ラインで '/Zc:enumTypes' を指定すると、基本の型が 'int' から 'unsigned int' に変更されます
  (ソース ファイル 'DirectXTexUtil.cpp' をコンパイルしています)
      C:\Program Files (x86)\Windows Kits\10\Include\10.0.26100.0\um\winuser.h(15423,5):
      'POINTER_DEVICE_TYPE_MAX': この列挙子には型が必要です
  
C:\Program Files (x86)\Windows Kits\10\Include\10.0.26100.0\um\winuser.h(15447,14): warning C4865: 'tagPOINTER_DEVICE_CURSOR_TYPE': コマンド ラインで '/Zc:enumTypes' を指定すると、基本の型が 'int' から 'unsigned int' に変更されます
  (ソース ファイル 'DirectXTexUtil.cpp' をコンパイルしています)
      C:\Program Files (x86)\Windows Kits\10\Include\10.0.26100.0\um\winuser.h(15451,5):
      'POINTER_DEVICE_CURSOR_TYPE_MAX': この列挙子には型が必要です
  
C:\Program Files (x86)\Windows Kits\10\Include\10.0.26100.0\shared\wtypesbase.h(367,6): warning C4865: 'tagCLSCTX': コマンド ラインで '/Zc:enumTypes' を指定すると、基本の型が 'int' から 'unsigned int' に変更されます
  (ソース ファイル 'DirectXTexUtil.cpp' をコンパイルしています)
      C:\Program Files (x86)\Windows Kits\10\Include\10.0.26100.0\shared\wtypesbase.h(398,9):
      'CLSCTX_PS_DLL': この列挙子には型が必要です
  
C:\Program Files (x86)\Windows Kits\10\Include\10.0.26100.0\um\objidlbase.h(7906,6): warning C4865: 'CO_MARSHALING_CONTEXT_ATTRIBUTES': コマンド ラインで '/Zc:enumTypes' を指定すると、基本の型が 'int' から 'unsigned int' に変更されます
  (ソース ファイル 'DirectXTexUtil.cpp' をコンパイルしています)
      C:\Program Files (x86)\Windows Kits\10\Include\10.0.26100.0\um\objidlbase.h(7909,9):
      'CO_MARSHALING_CONTEXT_ATTRIBUTE_RESERVED_1': この列挙子には型が必要です
  
C:\Program Files (x86)\Windows Kits\10\Include\10.0.26100.0\um\urlmon.h(1362,6): warning C4865: '__MIDL_IBindStatusCallback_0003': コマンド ラインで '/Zc:enumTypes' を指定すると、基本の型が 'int' から 'unsigned int' に変更されます
  (ソース ファイル 'DirectXTexUtil.cpp' をコンパイルしています)
      C:\Program Files (x86)\Windows Kits\10\Include\10.0.26100.0\um\urlmon.h(1388,9):
      'BINDF_RESERVED_2': この列挙子には型が必要です
  
C:\Program Files (x86)\Windows Kits\10\Include\10.0.26100.0\um\urlmon.h(1806,6): warning C4865: '__MIDL_IBindStatusCallbackEx_0001': コマンド ラインで '/Zc:enumTypes' を指定すると、基本の型が 'int' から 'unsigned int' に変更されます
  (ソース ファイル 'DirectXTexUtil.cpp' をコンパイルしています)
      C:\Program Files (x86)\Windows Kits\10\Include\10.0.26100.0\um\urlmon.h(1838,9):
      'BINDF2_RESERVED_1': この列挙子には型が必要です
  
C:\Program Files (x86)\Windows Kits\10\Include\10.0.26100.0\shared\dxgicommon.h(27,14): warning C4865: 'DXGI_COLOR_SPACE_TYPE': コマンド ラインで '/Zc:enumTypes' を指定すると、基本の型が 'int' から 'unsigned int' に変更されます
  (ソース ファイル 'DirectXTexUtil.cpp' をコンパイルしています)
      C:\Program Files (x86)\Windows Kits\10\Include\10.0.26100.0\shared\dxgicommon.h(54,5):
      'DXGI_COLOR_SPACE_CUSTOM': この列挙子には型が必要です
  
C:\Program Files (x86)\Windows Kits\10\Include\10.0.26100.0\shared\dxgiformat.h(11,14): warning C4865: 'DXGI_FORMAT': コマンド ラインで '/Zc:enumTypes' を指定すると、基本の型が 'int' から 'unsigned int' に変更されます
  (ソース ファイル 'DirectXTexUtil.cpp' をコンパイルしています)
      C:\Program Files (x86)\Windows Kits\10\Include\10.0.26100.0\shared\dxgiformat.h(141,5):
      'DXGI_FORMAT_FORCE_UINT': この列挙子には型が必要です
  
C:\Program Files (x86)\Windows Kits\10\Include\10.0.26100.0\um\d3d12.h(2226,6): warning C4865: 'D3D12_STANDARD_MULTISAMPLE_QUALITY_LEVELS': コマンド ラインで '/Zc:enumTypes' を指定すると、基本の型が 'int' から 'unsigned int' に変更されます
  (ソース ファイル 'DirectXTexUtil.cpp' をコンパイルしています)
      C:\Program Files (x86)\Windows Kits\10\Include\10.0.26100.0\um\d3d12.h(2228,9):
      'D3D12_STANDARD_MULTISAMPLE_PATTERN': この列挙子には型が必要です
  
C:\Program Files (x86)\Windows Kits\10\Include\10.0.26100.0\um\d3d12.h(3227,6): warning C4865: 'D3D12_RESOURCE_STATES': コマンド ラインで '/Zc:enumTypes' を指定すると、基本の型が 'int' から 'unsigned int' に変更されます
  (ソース ファイル 'DirectXTexUtil.cpp' をコンパイルしています)
      C:\Program Files (x86)\Windows Kits\10\Include\10.0.26100.0\um\d3d12.h(3250,9):
      'D3D12_RESOURCE_STATE_RESERVED_INTERNAL_80000000': この列挙子には型が必要です
  
C:\Program Files (x86)\Windows Kits\10\Include\10.0.26100.0\um\d3d12.h(10139,6): warning C4865: 'D3D12_RESIDENCY_PRIORITY': コマンド ラインで '/Zc:enumTypes' を指定すると、基本の型が 'int' から 'unsigned int' に変更されます
  (ソース ファイル 'DirectXTexUtil.cpp' をコンパイルしています)
      C:\Program Files (x86)\Windows Kits\10\Include\10.0.26100.0\um\d3d12.h(10144,9):
      'D3D12_RESIDENCY_PRIORITY_HIGH': この列挙子には型が必要です
  
C:\Program Files (x86)\Windows Kits\10\Include\10.0.26100.0\um\d3d12.h(14800,6): warning C4865: 'D3D12_SERIALIZED_RAYTRACING_ACCELERATION_STRUCTURE_HEADER_POSTAMBLE_TYPE': コマンド ラインで '/Zc:enumTypes' を指定すると、基本の型が 'int' から 'unsigned int' に変更されます
  (ソース ファイル 'DirectXTexUtil.cpp' をコンパイルしています)
      C:\Program Files (x86)\Windows Kits\10\Include\10.0.26100.0\um\d3d12.h(14804,9):
      'D3D12_SERIALIZED_RAYTRACING_ACCELERATION_STRUCTURE_HEADER_POSTAMBLE_TYPE_BLOCKS': この列挙子には型が必要です
  
C:\Program Files (x86)\Windows Kits\10\Include\10.0.26100.0\um\d3d12.h(15912,6): warning C4865: 'D3D12_DRED_ALLOCATION_TYPE': コマンド ラインで '/Zc:enumTypes' を指定すると、基本の型が 'int' から 'unsigned int' に変更されます
  (ソース ファイル 'DirectXTexUtil.cpp' をコンパイルしています)
      C:\Program Files (x86)\Windows Kits\10\Include\10.0.26100.0\um\d3d12.h(15942,9):
      'D3D12_DRED_ALLOCATION_TYPE_INVALID': この列挙子には型が必要です
  
C:\Program Files (x86)\Windows Kits\10\Include\10.0.26100.0\um\d3d12.h(22121,6): warning C4865: 'D3D12_BARRIER_LAYOUT': コマンド ラインで '/Zc:enumTypes' を指定すると、基本の型が 'int' から 'unsigned int' に変更されます
  (ソース ファイル 'DirectXTexUtil.cpp' をコンパイルしています)
      C:\Program Files (x86)\Windows Kits\10\Include\10.0.26100.0\um\d3d12.h(22123,9):
      'D3D12_BARRIER_LAYOUT_UNDEFINED': この列挙子には型が必要です
  
C:\Program Files (x86)\Windows Kits\10\Include\10.0.26100.0\um\d3d12.h(22159,6): warning C4865: 'D3D12_BARRIER_SYNC': コマンド ラインで '/Zc:enumTypes' を指定すると、基本の型が 'int' から 'unsigned int' に変更されます
  (ソース ファイル 'DirectXTexUtil.cpp' をコンパイルしています)
      C:\Program Files (x86)\Windows Kits\10\Include\10.0.26100.0\um\d3d12.h(22184,9):
      'D3D12_BARRIER_SYNC_SPLIT': この列挙子には型が必要です
  
C:\Program Files (x86)\Windows Kits\10\Include\10.0.26100.0\um\d3d12.h(22189,6): warning C4865: 'D3D12_BARRIER_ACCESS': コマンド ラインで '/Zc:enumTypes' を指定すると、基本の型が 'int' から 'unsigned int' に変更されます
  (ソース ファイル 'DirectXTexUtil.cpp' をコンパイルしています)
      C:\Program Files (x86)\Windows Kits\10\Include\10.0.26100.0\um\d3d12.h(22216,9):
      'D3D12_BARRIER_ACCESS_NO_ACCESS': この列挙子には型が必要です
  
C:\Program Files (x86)\Windows Kits\10\Include\10.0.26100.0\shared\dxgi.h(2508,6): warning C4865: 'DXGI_ADAPTER_FLAG': コマンド ラインで '/Zc:enumTypes' を指定すると、基本の型が 'int' から 'unsigned int' に変更されます
  (ソース ファイル 'DirectXTexUtil.cpp' をコンパイルしています)
      C:\Program Files (x86)\Windows Kits\10\Include\10.0.26100.0\shared\dxgi.h(2513,9):
      'DXGI_ADAPTER_FLAG_FORCE_DWORD': この列挙子には型が必要です
  
C:\Program Files (x86)\Windows Kits\10\Include\10.0.26100.0\shared\dxgi1_2.h(542,6): warning C4865: 'DXGI_ALPHA_MODE': コマンド ラインで '/Zc:enumTypes' を指定すると、基本の型が 'int' から 'unsigned int' に変更されます
  (ソース ファイル 'DirectXTexUtil.cpp' をコンパイルしています)
      C:\Program Files (x86)\Windows Kits\10\Include\10.0.26100.0\shared\dxgi1_2.h(548,9):
      'DXGI_ALPHA_MODE_FORCE_DWORD': この列挙子には型が必要です
  
C:\Program Files (x86)\Windows Kits\10\Include\10.0.26100.0\um\d3d11.h(7005,6): warning C4865: 'D3D11_STANDARD_MULTISAMPLE_QUALITY_LEVELS': コマンド ラインで '/Zc:enumTypes' を指定すると、基本の型が 'int' から 'unsigned int' に変更されます
  (ソース ファイル 'DirectXTexUtil.cpp' をコンパイルしています)
      C:\Program Files (x86)\Windows Kits\10\Include\10.0.26100.0\um\d3d11.h(7007,9):
      'D3D11_STANDARD_MULTISAMPLE_PATTERN': この列挙子には型が必要です
  
C:\Program Files (x86)\Windows Kits\10\Include\10.0.26100.0\um\d3d11.h(10437,6): warning C4865: 'D3D11_VIDEO_PROCESSOR_ITELECINE_CAPS': コマンド ラインで '/Zc:enumTypes' を指定すると、基本の型が 'int' から 'unsigned int' に変更されます
  (ソース ファイル 'DirectXTexUtil.cpp' をコンパイルしています)
      C:\Program Files (x86)\Windows Kits\10\Include\10.0.26100.0\um\d3d11.h(10448,9):
      'D3D11_VIDEO_PROCESSOR_ITELECINE_CAPS_OTHER': この列挙子には型が必要です
  
C:\Program Files (x86)\Windows Kits\10\Include\10.0.26100.0\um\d3d11.h(11368,6): warning C4865: 'D3D11_BUS_TYPE': コマンド ラインで '/Zc:enumTypes' を指定すると、基本の型が 'int' から 'unsigned int' に変更されます
  (ソース ファイル 'DirectXTexUtil.cpp' をコンパイルしています)
      C:\Program Files (x86)\Windows Kits\10\Include\10.0.26100.0\um\d3d11.h(11380,9):
      'D3D11_BUS_IMPL_MODIFIER_NON_STANDARD': この列挙子には型が必要です
  
C:\Program Files (x86)\Windows Kits\10\Include\10.0.26100.0\um\d3d10.h(3974,6): warning C4865: 'D3D10_FILTER': コマンド ラインで '/Zc:enumTypes' を指定すると、基本の型が 'int' から 'unsigned int' に変更されます
  (ソース ファイル 'DirectXTexUtil.cpp' をコンパイルしています)
      C:\Program Files (x86)\Windows Kits\10\Include\10.0.26100.0\um\d3d10.h(3994,9):
      'D3D10_FILTER_TEXT_1BIT': この列挙子には型が必要です
  
C:\Program Files (x86)\Windows Kits\10\Include\10.0.26100.0\um\d3d10_1.h(511,6): warning C4865: 'D3D10_STANDARD_MULTISAMPLE_QUALITY_LEVELS': コマンド ラインで '/Zc:enumTypes' を指定すると、基本の型が 'int' から 'unsigned int' に変更されます
  (ソース ファイル 'DirectXTexUtil.cpp' をコンパイルしています)
      C:\Program Files (x86)\Windows Kits\10\Include\10.0.26100.0\um\d3d10_1.h(513,9):
      'D3D10_STANDARD_MULTISAMPLE_PATTERN': この列挙子には型が必要です
  
C:\Program Files (x86)\Windows Kits\10\Include\10.0.26100.0\um\dcommon.h(132,14): warning C4865: 'D2D1_ALPHA_MODE': コマンド ラインで '/Zc:enumTypes' を指定すると、基本の型が 'int' から 'unsigned int' に変更されます
  (ソース ファイル 'DirectXTexUtil.cpp' をコンパイルしています)
      C:\Program Files (x86)\Windows Kits\10\Include\10.0.26100.0\um\dcommon.h(156,9):
      'D2D1_ALPHA_MODE_FORCE_DWORD': この列挙子には型が必要です
  
C:\Program Files (x86)\Windows Kits\10\Include\10.0.26100.0\um\wincodec.h(723,6): warning C4865: 'WICComponentEnumerateOptions': コマンド ラインで '/Zc:enumTypes' を指定すると、基本の型が 'int' から 'unsigned int' に変更されます
  (ソース ファイル 'DirectXTexUtil.cpp' をコンパイルしています)
      C:\Program Files (x86)\Windows Kits\10\Include\10.0.26100.0\um\wincodec.h(727,9):
      'WICComponentEnumerateDisabled': この列挙子には型が必要です
  
C:\Program Files (x86)\Windows Kits\10\Include\10.0.26100.0\um\wincodec.h(839,6): warning C4865: 'WICProgressNotification': コマンド ラインで '/Zc:enumTypes' を指定すると、基本の型が 'int' から 'unsigned int' に変更されます
  (ソース ファイル 'DirectXTexUtil.cpp' をコンパイルしています)
      C:\Program Files (x86)\Windows Kits\10\Include\10.0.26100.0\um\wincodec.h(844,9):
      'WICProgressNotificationAll': この列挙子には型が必要です
  
C:\Program Files (x86)\Windows Kits\10\Include\10.0.26100.0\um\wincodec.h(849,6): warning C4865: 'WICComponentSigning': コマンド ラインで '/Zc:enumTypes' を指定すると、基本の型が 'int' から 'unsigned int' に変更されます
  (ソース ファイル 'DirectXTexUtil.cpp' をコンパイルしています)
      C:\Program Files (x86)\Windows Kits\10\Include\10.0.26100.0\um\wincodec.h(854,9):
      'WICComponentDisabled': この列挙子には型が必要です
  
  BC.cpp
  BC4BC5.cpp
  BC6HBC7.cpp
  BCDirectCompute.cpp
  DirectXTexCompress.cpp
  DirectXTexCompressGPU.cpp
  DirectXTexConvert.cpp
  DirectXTexD3D11.cpp
  DirectXTexD3D12.cpp
  DirectXTexDDS.cpp
  DirectXTexFlipRotate.cpp
  DirectXTexHDR.cpp
  DirectXTexImage.cpp
  DirectXTexMipMaps.cpp
  DirectXTexMisc.cpp
  DirectXTexNormalMaps.cpp
  DirectXTexPMAlpha.cpp
  DirectXTexResize.cpp
  DirectXTexTGA.cpp
  DirectXTexWIC.cpp
  コードを生成中...
  DirectXTex_Desktop_2022_Win10.vcxproj -> C:\Users\k024g\Desktop\GE3&CG3\project\externals\DirectXTex\Bin\Desktop_2022_Win10\x64\Debug\DirectXTex.lib
